node_modules/next/dist/build/templates/app-page.d.ts(10,40): error TS2307: Cannot find module 'VAR_MODULE_GLOBAL_ERROR' or its corresponding type declarations.
node_modules/next/dist/build/webpack-config.d.ts(9,104): error TS2694: Namespace '"C:/21-02-26/souldistribution/node_modules/next/dist/compiled/webpack/webpack".webpack' has no exported member 'RuleSetUseItem'.
node_modules/next/dist/build/webpack/loaders/next-app-loader/index.d.ts(1,13): error TS2613: Module '"C:/21-02-26/souldistribution/node_modules/next/dist/compiled/webpack/webpack"' has no default export. Did you mean to use 'import { webpack } from "C:/21-02-26/souldistribution/node_modules/next/dist/compiled/webpack/webpack"' instead?
node_modules/next/dist/client/components/error-boundary.d.ts(1,8): error TS1259: Module '"C:/21-02-26/souldistribution/node_modules/@types/react/index"' can only be default-imported using the 'esModuleInterop' flag
node_modules/next/dist/client/components/http-access-fallback/error-boundary.d.ts(11,8): error TS1259: Module '"C:/21-02-26/souldistribution/node_modules/@types/react/index"' can only be default-imported using the 'esModuleInterop' flag
node_modules/next/dist/client/components/layout-router.d.ts(2,8): error TS1259: Module '"C:/21-02-26/souldistribution/node_modules/@types/react/index"' can only be default-imported using the 'esModuleInterop' flag
node_modules/next/dist/client/link.d.ts(1,8): error TS1259: Module '"C:/21-02-26/souldistribution/node_modules/@types/react/index"' can only be default-imported using the 'esModuleInterop' flag
node_modules/next/dist/client/with-router.d.ts(1,8): error TS1259: Module '"C:/21-02-26/souldistribution/node_modules/@types/react/index"' can only be default-imported using the 'esModuleInterop' flag
node_modules/next/dist/lib/metadata/metadata.d.ts(1,8): error TS1259: Module '"C:/21-02-26/souldistribution/node_modules/@types/react/index"' can only be default-imported using the 'esModuleInterop' flag
node_modules/next/dist/server/app-render/entry-base.d.ts(1,114): error TS2307: Cannot find module 'react-server-dom-webpack/server.edge' or its corresponding type declarations.
node_modules/next/dist/server/app-render/entry-base.d.ts(2,49): error TS2307: Cannot find module 'react-server-dom-webpack/static.edge' or its corresponding type declarations.
node_modules/next/dist/server/web/spec-extension/adapters/headers.d.ts(39,16): error TS2304: Cannot find name 'HeadersIterator'.
node_modules/next/dist/server/web/spec-extension/adapters/headers.d.ts(40,13): error TS2304: Cannot find name 'HeadersIterator'.
node_modules/next/dist/server/web/spec-extension/adapters/headers.d.ts(41,15): error TS2304: Cannot find name 'HeadersIterator'.
node_modules/next/dist/server/web/spec-extension/adapters/headers.d.ts(42,26): error TS2304: Cannot find name 'HeadersIterator'.
node_modules/next/dist/shared/lib/amp-context.shared-runtime.d.ts(1,8): error TS1259: Module '"C:/21-02-26/souldistribution/node_modules/@types/react/index"' can only be default-imported using the 'esModuleInterop' flag
node_modules/next/dist/shared/lib/app-router-context.shared-runtime.d.ts(4,8): error TS1259: Module '"C:/21-02-26/souldistribution/node_modules/@types/react/index"' can only be default-imported using the 'esModuleInterop' flag
node_modules/next/dist/shared/lib/head-manager-context.shared-runtime.d.ts(1,8): error TS1259: Module '"C:/21-02-26/souldistribution/node_modules/@types/react/index"' can only be default-imported using the 'esModuleInterop' flag
node_modules/next/dist/shared/lib/image-config-context.shared-runtime.d.ts(1,8): error TS1259: Module '"C:/21-02-26/souldistribution/node_modules/@types/react/index"' can only be default-imported using the 'esModuleInterop' flag
node_modules/next/dist/shared/lib/loadable-context.shared-runtime.d.ts(1,8): error TS1259: Module '"C:/21-02-26/souldistribution/node_modules/@types/react/index"' can only be default-imported using the 'esModuleInterop' flag
node_modules/next/dist/shared/lib/loadable.shared-runtime.d.ts(21,8): error TS1259: Module '"C:/21-02-26/souldistribution/node_modules/@types/react/index"' can only be default-imported using the 'esModuleInterop' flag
node_modules/next/dist/shared/lib/router-context.shared-runtime.d.ts(1,8): error TS1259: Module '"C:/21-02-26/souldistribution/node_modules/@types/react/index"' can only be default-imported using the 'esModuleInterop' flag
node_modules/next/dist/shared/lib/server-inserted-html.shared-runtime.d.ts(1,8): error TS1259: Module '"C:/21-02-26/souldistribution/node_modules/@types/react/index"' can only be default-imported using the 'esModuleInterop' flag
node_modules/next/dist/shared/lib/server-inserted-metadata.shared-runtime.d.ts(1,13): error TS1259: Module '"C:/21-02-26/souldistribution/node_modules/@types/react/index"' can only be default-imported using the 'esModuleInterop' flag
node_modules/next/dist/shared/lib/utils.d.ts(10,13): error TS1192: Module '"fs"' has no default export.
node_modules/next/dist/types.d.ts(8,13): error TS1259: Module '"C:/21-02-26/souldistribution/node_modules/@types/react/index"' can only be default-imported using the 'esModuleInterop' flag
node_modules/recharts/types/cartesian/Area.d.ts(4,8): error TS1259: Module '"C:/21-02-26/souldistribution/node_modules/@types/react/index"' can only be default-imported using the 'esModuleInterop' flag
node_modules/recharts/types/cartesian/Bar.d.ts(4,8): error TS1259: Module '"C:/21-02-26/souldistribution/node_modules/@types/react/index"' can only be default-imported using the 'esModuleInterop' flag
node_modules/recharts/types/cartesian/Brush.d.ts(4,8): error TS1259: Module '"C:/21-02-26/souldistribution/node_modules/@types/react/index"' can only be default-imported using the 'esModuleInterop' flag
node_modules/recharts/types/cartesian/CartesianAxis.d.ts(4,8): error TS1259: Module '"C:/21-02-26/souldistribution/node_modules/@types/react/index"' can only be default-imported using the 'esModuleInterop' flag
node_modules/recharts/types/cartesian/CartesianGrid.d.ts(4,8): error TS1259: Module '"C:/21-02-26/souldistribution/node_modules/@types/react/index"' can only be default-imported using the 'esModuleInterop' flag
node_modules/recharts/types/cartesian/ErrorBar.d.ts(4,8): error TS1259: Module '"C:/21-02-26/souldistribution/node_modules/@types/react/index"' can only be default-imported using the 'esModuleInterop' flag
node_modules/recharts/types/cartesian/Line.d.ts(4,8): error TS1259: Module '"C:/21-02-26/souldistribution/node_modules/@types/react/index"' can only be default-imported using the 'esModuleInterop' flag
node_modules/recharts/types/cartesian/ReferenceArea.d.ts(4,8): error TS1259: Module '"C:/21-02-26/souldistribution/node_modules/@types/react/index"' can only be default-imported using the 'esModuleInterop' flag
node_modules/recharts/types/cartesian/ReferenceDot.d.ts(4,8): error TS1259: Module '"C:/21-02-26/souldistribution/node_modules/@types/react/index"' can only be default-imported using the 'esModuleInterop' flag
node_modules/recharts/types/cartesian/ReferenceLine.d.ts(4,8): error TS1259: Module '"C:/21-02-26/souldistribution/node_modules/@types/react/index"' can only be default-imported using the 'esModuleInterop' flag
node_modules/recharts/types/cartesian/Scatter.d.ts(4,8): error TS1259: Module '"C:/21-02-26/souldistribution/node_modules/@types/react/index"' can only be default-imported using the 'esModuleInterop' flag
node_modules/recharts/types/cartesian/XAxis.d.ts(4,8): error TS1259: Module '"C:/21-02-26/souldistribution/node_modules/@types/react/index"' can only be default-imported using the 'esModuleInterop' flag
node_modules/recharts/types/cartesian/YAxis.d.ts(4,8): error TS1259: Module '"C:/21-02-26/souldistribution/node_modules/@types/react/index"' can only be default-imported using the 'esModuleInterop' flag
node_modules/recharts/types/cartesian/ZAxis.d.ts(4,8): error TS1259: Module '"C:/21-02-26/souldistribution/node_modules/@types/react/index"' can only be default-imported using the 'esModuleInterop' flag
node_modules/recharts/types/chart/generateCategoricalChart.d.ts(1,8): error TS1259: Module '"C:/21-02-26/souldistribution/node_modules/@types/react/index"' can only be default-imported using the 'esModuleInterop' flag
node_modules/recharts/types/chart/Sankey.d.ts(4,8): error TS1259: Module '"C:/21-02-26/souldistribution/node_modules/@types/react/index"' can only be default-imported using the 'esModuleInterop' flag
node_modules/recharts/types/chart/SunburstChart.d.ts(1,8): error TS1259: Module '"C:/21-02-26/souldistribution/node_modules/@types/react/index"' can only be default-imported using the 'esModuleInterop' flag
node_modules/recharts/types/chart/Treemap.d.ts(4,8): error TS1259: Module '"C:/21-02-26/souldistribution/node_modules/@types/react/index"' can only be default-imported using the 'esModuleInterop' flag
node_modules/recharts/types/component/Customized.d.ts(4,8): error TS1259: Module '"C:/21-02-26/souldistribution/node_modules/@types/react/index"' can only be default-imported using the 'esModuleInterop' flag
node_modules/recharts/types/component/DefaultLegendContent.d.ts(4,8): error TS1259: Module '"C:/21-02-26/souldistribution/node_modules/@types/react/index"' can only be default-imported using the 'esModuleInterop' flag
node_modules/recharts/types/component/DefaultTooltipContent.d.ts(4,8): error TS1259: Module '"C:/21-02-26/souldistribution/node_modules/@types/react/index"' can only be default-imported using the 'esModuleInterop' flag
node_modules/recharts/types/component/Label.d.ts(1,8): error TS1259: Module '"C:/21-02-26/souldistribution/node_modules/@types/react/index"' can only be default-imported using the 'esModuleInterop' flag
node_modules/recharts/types/component/LabelList.d.ts(1,8): error TS1259: Module '"C:/21-02-26/souldistribution/node_modules/@types/react/index"' can only be default-imported using the 'esModuleInterop' flag
node_modules/recharts/types/component/Legend.d.ts(4,8): error TS1259: Module '"C:/21-02-26/souldistribution/node_modules/@types/react/index"' can only be default-imported using the 'esModuleInterop' flag
node_modules/recharts/types/component/ResponsiveContainer.d.ts(1,8): error TS1259: Module '"C:/21-02-26/souldistribution/node_modules/@types/react/index"' can only be default-imported using the 'esModuleInterop' flag
node_modules/recharts/types/component/Text.d.ts(1,8): error TS1259: Module '"C:/21-02-26/souldistribution/node_modules/@types/react/index"' can only be default-imported using the 'esModuleInterop' flag
node_modules/recharts/types/component/Tooltip.d.ts(4,8): error TS1259: Module '"C:/21-02-26/souldistribution/node_modules/@types/react/index"' can only be default-imported using the 'esModuleInterop' flag
node_modules/recharts/types/container/Layer.d.ts(1,8): error TS1259: Module '"C:/21-02-26/souldistribution/node_modules/@types/react/index"' can only be default-imported using the 'esModuleInterop' flag
node_modules/recharts/types/container/Surface.d.ts(4,8): error TS1259: Module '"C:/21-02-26/souldistribution/node_modules/@types/react/index"' can only be default-imported using the 'esModuleInterop' flag
node_modules/recharts/types/numberAxis/Funnel.d.ts(4,8): error TS1259: Module '"C:/21-02-26/souldistribution/node_modules/@types/react/index"' can only be default-imported using the 'esModuleInterop' flag
node_modules/recharts/types/polar/Pie.d.ts(4,8): error TS1259: Module '"C:/21-02-26/souldistribution/node_modules/@types/react/index"' can only be default-imported using the 'esModuleInterop' flag
node_modules/recharts/types/polar/PolarAngleAxis.d.ts(4,8): error TS1259: Module '"C:/21-02-26/souldistribution/node_modules/@types/react/index"' can only be default-imported using the 'esModuleInterop' flag
node_modules/recharts/types/polar/PolarGrid.d.ts(4,8): error TS1259: Module '"C:/21-02-26/souldistribution/node_modules/@types/react/index"' can only be default-imported using the 'esModuleInterop' flag
node_modules/recharts/types/polar/PolarRadiusAxis.d.ts(4,8): error TS1259: Module '"C:/21-02-26/souldistribution/node_modules/@types/react/index"' can only be default-imported using the 'esModuleInterop' flag
node_modules/recharts/types/polar/Radar.d.ts(4,8): error TS1259: Module '"C:/21-02-26/souldistribution/node_modules/@types/react/index"' can only be default-imported using the 'esModuleInterop' flag
node_modules/recharts/types/polar/RadialBar.d.ts(4,8): error TS1259: Module '"C:/21-02-26/souldistribution/node_modules/@types/react/index"' can only be default-imported using the 'esModuleInterop' flag
node_modules/recharts/types/shape/Cross.d.ts(4,8): error TS1259: Module '"C:/21-02-26/souldistribution/node_modules/@types/react/index"' can only be default-imported using the 'esModuleInterop' flag
node_modules/recharts/types/shape/Curve.d.ts(4,8): error TS1259: Module '"C:/21-02-26/souldistribution/node_modules/@types/react/index"' can only be default-imported using the 'esModuleInterop' flag
node_modules/recharts/types/shape/Dot.d.ts(4,8): error TS1259: Module '"C:/21-02-26/souldistribution/node_modules/@types/react/index"' can only be default-imported using the 'esModuleInterop' flag
node_modules/recharts/types/shape/Polygon.d.ts(4,8): error TS1259: Module '"C:/21-02-26/souldistribution/node_modules/@types/react/index"' can only be default-imported using the 'esModuleInterop' flag
node_modules/recharts/types/shape/Rectangle.d.ts(4,8): error TS1259: Module '"C:/21-02-26/souldistribution/node_modules/@types/react/index"' can only be default-imported using the 'esModuleInterop' flag
node_modules/recharts/types/shape/Sector.d.ts(4,8): error TS1259: Module '"C:/21-02-26/souldistribution/node_modules/@types/react/index"' can only be default-imported using the 'esModuleInterop' flag
node_modules/recharts/types/shape/Symbols.d.ts(4,8): error TS1259: Module '"C:/21-02-26/souldistribution/node_modules/@types/react/index"' can only be default-imported using the 'esModuleInterop' flag
node_modules/recharts/types/shape/Trapezoid.d.ts(4,8): error TS1259: Module '"C:/21-02-26/souldistribution/node_modules/@types/react/index"' can only be default-imported using the 'esModuleInterop' flag
node_modules/recharts/types/util/BarUtils.d.ts(1,8): error TS1259: Module '"C:/21-02-26/souldistribution/node_modules/@types/react/index"' can only be default-imported using the 'esModuleInterop' flag
